asset,loss_type,loss,poe
a4,structural,0.00000E+00,2.47554E-03
a4,structural,6.31641E+00,2.47554E-03
a4,structural,1.26328E+01,2.47259E-03
a4,structural,1.89492E+01,2.36373E-03
a4,structural,2.52656E+01,1.93239E-03
a4,structural,3.15821E+01,1.35158E-03
a4,structural,1.23108E+05,4.62524E-04
a4,structural,2.46184E+05,4.61868E-04
a4,structural,3.69260E+05,4.37723E-04
a4,structural,4.92336E+05,3.42068E-04
a4,structural,6.15412E+05,2.13278E-04
a4,structural,1.43178E+06,1.66817E-05
a4,structural,2.24814E+06,1.59846E-05
a4,structural,3.06451E+06,1.46422E-05
a4,structural,3.88088E+06,1.13522E-05
a4,structural,4.69724E+06,7.45292E-06
a4,structural,6.19672E+06,2.72487E-06
a4,structural,7.69621E+06,1.07249E-06
a4,structural,9.19569E+06,5.87107E-07
a4,structural,1.06952E+07,3.92426E-07
a4,structural,1.21947E+07,2.68103E-07
a4,structural,1.40080E+07,1.60294E-07
a4,structural,1.58213E+07,8.97819E-08
a4,structural,1.76347E+07,4.77851E-08
a4,structural,1.94480E+07,2.45312E-08
a4,structural,2.12613E+07,1.22918E-08
a4,structural,2.31074E+07,5.98751E-09
a4,structural,2.49535E+07,2.89015E-09
a4,structural,2.67995E+07,1.38936E-09
a4,structural,2.86456E+07,6.67605E-10
a4,structural,3.04917E+07,3.21516E-10
a4,structural,3.22200E+07,1.62845E-10
a4,structural,3.39483E+07,8.28836E-11
a4,structural,3.56766E+07,4.24296E-11
a4,structural,3.74049E+07,2.18601E-11
a4,structural,3.91332E+07,1.13402E-11
a4,structural,4.06800E+07,6.34119E-12
a4,structural,4.22269E+07,3.56690E-12
a4,structural,4.37737E+07,2.01849E-12
a4,structural,4.53205E+07,1.14922E-12
a4,structural,4.68673E+07,6.58313E-13
a4,structural,4.82167E+07,4.06917E-13
a4,structural,4.95661E+07,2.52690E-13
a4,structural,5.09155E+07,1.57640E-13
a4,structural,5.22649E+07,9.87922E-14
a4,structural,5.36143E+07,6.21929E-14
a4,structural,5.47741E+07,4.19330E-14
a4,structural,5.59338E+07,2.83654E-14
a4,structural,5.70936E+07,1.92498E-14
a4,structural,5.82533E+07,1.31053E-14
a4,structural,5.94131E+07,8.95032E-15
a4,structural,6.04012E+07,6.48335E-15
a4,structural,6.13894E+07,4.70687E-15
a4,structural,6.23775E+07,3.42471E-15
a4,structural,6.33657E+07,2.49726E-15
a4,structural,6.43539E+07,1.82491E-15
a4,structural,6.51918E+07,1.40107E-15
a4,structural,6.60297E+07,1.07730E-15
a4,structural,6.68676E+07,8.29590E-16
a4,structural,6.77055E+07,6.39791E-16
a4,structural,6.85434E+07,4.94142E-16
a4,structural,6.92522E+07,3.97595E-16
a4,structural,6.99611E+07,3.20243E-16
a4,structural,7.06699E+07,2.58204E-16
a4,structural,7.13787E+07,2.08394E-16
a4,structural,7.20876E+07,1.68363E-16
a4,structural,7.26868E+07,1.40693E-16
a4,structural,7.32859E+07,1.17655E-16
a4,structural,7.38851E+07,9.84573E-17
a4,structural,7.44843E+07,8.24497E-17
a4,structural,7.50835E+07,6.90924E-17
a4,structural,7.55901E+07,5.95330E-17
a4,structural,7.60968E+07,5.13212E-17
a4,structural,7.66034E+07,4.42634E-17
a4,structural,7.71101E+07,3.81946E-17
a4,structural,7.76167E+07,3.29737E-17
a4,structural,7.80455E+07,2.91270E-17
a4,structural,7.84744E+07,2.57378E-17
a4,structural,7.89032E+07,2.27505E-17
a4,structural,7.93321E+07,2.01168E-17
a4,structural,7.97609E+07,1.77938E-17
a4,structural,8.01244E+07,1.60401E-17
a4,structural,8.04879E+07,1.44627E-17
a4,structural,8.08515E+07,1.30434E-17
a4,structural,8.12150E+07,1.17662E-17
a4,structural,8.15785E+07,1.06165E-17
a4,structural,8.18872E+07,9.73061E-18
a4,structural,8.21960E+07,8.92007E-18
a4,structural,8.25047E+07,8.17844E-18
a4,structural,8.28134E+07,7.49970E-18
a4,structural,8.31222E+07,6.87844E-18
a4,structural,8.33849E+07,6.39128E-18
a4,structural,8.36476E+07,5.93927E-18
a4,structural,8.39103E+07,5.51997E-18
a4,structural,8.41730E+07,5.13078E-18
a4,structural,8.44358E+07,4.76968E-18
a4,structural,8.46598E+07,4.48223E-18
a4,structural,8.48839E+07,4.21243E-18
a4,structural,8.51079E+07,3.95927E-18
a4,structural,8.53320E+07,3.72164E-18
a4,structural,8.55560E+07,3.49854E-18
a4,structural,8.57476E+07,3.31872E-18
a4,structural,8.59391E+07,3.14827E-18
a4,structural,8.61306E+07,2.98681E-18
a4,structural,8.63221E+07,2.83381E-18
a4,structural,8.65136E+07,2.68880E-18
a4,structural,8.66777E+07,2.57061E-18
a4,structural,8.68418E+07,2.45771E-18
a4,structural,8.70059E+07,2.34983E-18
a4,structural,8.71699E+07,2.24683E-18
a4,structural,8.73340E+07,2.14846E-18
a4,structural,8.74749E+07,2.06747E-18
a4,structural,8.76158E+07,1.98965E-18
a4,structural,8.77567E+07,1.91479E-18
a4,structural,8.78976E+07,1.84279E-18
a4,structural,8.80385E+07,1.77355E-18
a4,structural,8.81597E+07,1.71614E-18
a4,structural,8.82810E+07,1.66058E-18
a4,structural,8.84023E+07,1.60687E-18
a4,structural,8.85235E+07,1.55494E-18
a4,structural,8.86448E+07,1.50467E-18
a4,structural,8.87494E+07,1.46272E-18
a4,structural,8.88540E+07,1.42189E-18
a4,structural,8.89586E+07,1.38225E-18
a4,structural,8.90632E+07,1.34374E-18
a4,structural,8.91678E+07,1.30635E-18
a4,structural,8.92583E+07,1.27490E-18
a4,structural,8.93487E+07,1.24418E-18
a4,structural,8.94391E+07,1.21419E-18
a4,structural,8.95296E+07,1.18499E-18
a4,structural,8.96200E+07,1.15651E-18
a4,structural,8.96984E+07,1.13233E-18
a4,structural,8.97768E+07,1.10875E-18
a4,structural,8.98551E+07,1.08563E-18
a4,structural,8.99335E+07,1.06303E-18
a4,structural,9.00118E+07,1.04090E-18
a4,structural,9.00799E+07,1.02207E-18
a4,structural,9.01479E+07,1.00358E-18
a4,structural,9.02160E+07,9.85408E-19
a4,structural,9.02840E+07,9.67571E-19
a4,structural,9.03521E+07,9.50130E-19
a4,structural,9.04113E+07,9.35134E-19
a4,structural,9.04705E+07,9.20468E-19
a4,structural,9.05297E+07,9.05934E-19
a4,structural,9.05889E+07,8.91730E-19
a4,structural,9.06482E+07,8.77724E-19
a4,structural,9.06998E+07,8.65635E-19
a4,structural,9.07514E+07,8.53809E-19
a4,structural,9.08030E+07,8.42116E-19
a4,structural,9.08547E+07,8.30555E-19
a4,structural,9.09063E+07,8.19192E-19
a4,structural,9.13068E+07,7.36150E-19
a4,structural,9.17072E+07,6.61762E-19
a4,structural,9.21077E+07,5.94971E-19
a4,structural,9.25082E+07,5.35117E-19
a4,structural,9.29086E+07,4.81341E-19
